// Jest Snapshot v1, https://goo.gl/fbAQLP

exports[`IntlProvider should render children 1`] = `
<div>
  Provider
</div>
`;
